  Determining projects to restore...
  All projects are up-to-date for restore.
  PoPunkouterSoftware.Shared -> C:\Users\punko\Downloads\Po\PoPunkouterSoftware\PoPunkouterSoftware.Shared\bin\Debug\net10.0\PoPunkouterSoftware.Shared.dll
  PoPunkouterSoftware.Domain -> C:\Users\punko\Downloads\Po\PoPunkouterSoftware\PoPunkouterSoftware.Domain\bin\Debug\net10.0\PoPunkouterSoftware.Domain.dll
  PoPunkouterSoftware.Application -> C:\Users\punko\Downloads\Po\PoPunkouterSoftware\PoPunkouterSoftware.Application\bin\Debug\net10.0\PoPunkouterSoftware.Application.dll
  PoPunkouterSoftware.Infrastructure -> C:\Users\punko\Downloads\Po\PoPunkouterSoftware\PoPunkouterSoftware.Infrastructure\bin\Debug\net10.0\PoPunkouterSoftware.Infrastructure.dll
C:\Users\punko\Downloads\Po\PoPunkouterSoftware\PoPunkouterSoftware.Client\Components\Pages\DetailsPage.razor(91,29): error RZ9996: Unrecognized child content inside component 'RadzenLineSeries'. The component 'RadzenLineSeries' accepts child content through the following top-level items: 'ChildContent', 'TooltipTemplate'. [C:\Users\punko\Downloads\Po\PoPunkouterSoftware\PoPunkouterSoftware.Client\PoPunkouterSoftware.Client.csproj]
C:\Users\punko\Downloads\Po\PoPunkouterSoftware\PoPunkouterSoftware.Client\Components\Pages\DetailsPage.razor(254,39): error RZ9986: Component attributes do not support complex content (mixed C# and markup). Attribute: 'Text', text: '≡ƒîÉ Services (TotalCount)' [C:\Users\punko\Downloads\Po\PoPunkouterSoftware\PoPunkouterSoftware.Client\PoPunkouterSoftware.Client.csproj]
C:\Users\punko\Downloads\Po\PoPunkouterSoftware\PoPunkouterSoftware.Client\Components\Pages\DetailsPage.razor(324,43): error RZ9986: Component attributes do not support complex content (mixed C# and markup). Attribute: 'Text', text: '≡ƒöÆ SSL (_report.SslExpiry.Count)' [C:\Users\punko\Downloads\Po\PoPunkouterSoftware\PoPunkouterSoftware.Client\PoPunkouterSoftware.Client.csproj]
C:\Users\punko\Downloads\Po\PoPunkouterSoftware\PoPunkouterSoftware.Client\Components\Pages\DetailsPage.razor(356,43): error RZ9986: Component attributes do not support complex content (mixed C# and markup). Attribute: 'Text', text: 'ΓÜÖ∩╕Å Config Drift (_report.ConfigDrift.Count)' [C:\Users\punko\Downloads\Po\PoPunkouterSoftware\PoPunkouterSoftware.Client\PoPunkouterSoftware.Client.csproj]
C:\Users\punko\Downloads\Po\PoPunkouterSoftware\PoPunkouterSoftware.Client\Components\Pages\DetailsPage.razor(390,43): error RZ9986: Component attributes do not support complex content (mixed C# and markup). Attribute: 'Text', text: '≡ƒùä∩╕Å Storage (_report.StorageInventory.Count)' [C:\Users\punko\Downloads\Po\PoPunkouterSoftware\PoPunkouterSoftware.Client\PoPunkouterSoftware.Client.csproj]
C:\Users\punko\Downloads\Po\PoPunkouterSoftware\PoPunkouterSoftware.Client\Components\Pages\DetailsPage.razor(431,43): error RZ9986: Component attributes do not support complex content (mixed C# and markup). Attribute: 'Text', text: '≡ƒùæ∩╕Å Orphaned (_report.OrphanedResources.Count)' [C:\Users\punko\Downloads\Po\PoPunkouterSoftware\PoPunkouterSoftware.Client\PoPunkouterSoftware.Client.csproj]
C:\Users\punko\Downloads\Po\PoPunkouterSoftware\PoPunkouterSoftware.Client\Components\Pages\DetailsPage.razor(458,43): error RZ9986: Component attributes do not support complex content (mixed C# and markup). Attribute: 'Text', text: '≡ƒôè App Insights (_report.AppInsightsMetrics.Count)' [C:\Users\punko\Downloads\Po\PoPunkouterSoftware\PoPunkouterSoftware.Client\PoPunkouterSoftware.Client.csproj]
C:\Users\punko\Downloads\Po\PoPunkouterSoftware\PoPunkouterSoftware.Client\Components\Pages\DetailsPage.razor(491,43): error RZ9986: Component attributes do not support complex content (mixed C# and markup). Attribute: 'Text', text: '≡ƒôª All Resources (allRes.Total)' [C:\Users\punko\Downloads\Po\PoPunkouterSoftware\PoPunkouterSoftware.Client\PoPunkouterSoftware.Client.csproj]
C:\Users\punko\Downloads\Po\PoPunkouterSoftware\PoPunkouterSoftware.Client\Components\Pages\DetailsPage.razor(540,43): error RZ9986: Component attributes do not support complex content (mixed C# and markup). Attribute: 'Text', text: '≡ƒºƒ Zombies (_report.ZombieApps.Count)' [C:\Users\punko\Downloads\Po\PoPunkouterSoftware\PoPunkouterSoftware.Client\PoPunkouterSoftware.Client.csproj]
C:\Users\punko\Downloads\Po\PoPunkouterSoftware\PoPunkouterSoftware.Client\Components\Pages\DetailsPage.razor(611,43): error RZ9986: Component attributes do not support complex content (mixed C# and markup). Attribute: 'Text', text: 'ΓÅ▒∩╕Å Timings (_report.StepTimings.Count)' [C:\Users\punko\Downloads\Po\PoPunkouterSoftware\PoPunkouterSoftware.Client\PoPunkouterSoftware.Client.csproj]
C:\Users\punko\Downloads\Po\PoPunkouterSoftware\PoPunkouterSoftware.Client\Components\Pages\DetailsPage.razor(254,53): error CS1503: Argument 1: cannot convert from 'int' to 'string' [C:\Users\punko\Downloads\Po\PoPunkouterSoftware\PoPunkouterSoftware.Client\PoPunkouterSoftware.Client.csproj]
C:\Users\punko\Downloads\Po\PoPunkouterSoftware\PoPunkouterSoftware.Client\Components\Pages\DetailsPage.razor(324,53): error CS1503: Argument 1: cannot convert from 'int' to 'string' [C:\Users\punko\Downloads\Po\PoPunkouterSoftware\PoPunkouterSoftware.Client\PoPunkouterSoftware.Client.csproj]
C:\Users\punko\Downloads\Po\PoPunkouterSoftware\PoPunkouterSoftware.Client\Components\Pages\DetailsPage.razor(356,62): error CS1503: Argument 1: cannot convert from 'int' to 'string' [C:\Users\punko\Downloads\Po\PoPunkouterSoftware\PoPunkouterSoftware.Client\PoPunkouterSoftware.Client.csproj]
C:\Users\punko\Downloads\Po\PoPunkouterSoftware\PoPunkouterSoftware.Client\Components\Pages\DetailsPage.razor(390,58): error CS1503: Argument 1: cannot convert from 'int' to 'string' [C:\Users\punko\Downloads\Po\PoPunkouterSoftware\PoPunkouterSoftware.Client\PoPunkouterSoftware.Client.csproj]
C:\Users\punko\Downloads\Po\PoPunkouterSoftware\PoPunkouterSoftware.Client\Components\Pages\DetailsPage.razor(431,59): error CS1503: Argument 1: cannot convert from 'int' to 'string' [C:\Users\punko\Downloads\Po\PoPunkouterSoftware\PoPunkouterSoftware.Client\PoPunkouterSoftware.Client.csproj]
C:\Users\punko\Downloads\Po\PoPunkouterSoftware\PoPunkouterSoftware.Client\Components\Pages\DetailsPage.razor(458,62): error CS1503: Argument 1: cannot convert from 'int' to 'string' [C:\Users\punko\Downloads\Po\PoPunkouterSoftware\PoPunkouterSoftware.Client\PoPunkouterSoftware.Client.csproj]
C:\Users\punko\Downloads\Po\PoPunkouterSoftware\PoPunkouterSoftware.Client\Components\Pages\DetailsPage.razor(491,62): error CS1503: Argument 1: cannot convert from 'int' to 'string' [C:\Users\punko\Downloads\Po\PoPunkouterSoftware\PoPunkouterSoftware.Client\PoPunkouterSoftware.Client.csproj]
C:\Users\punko\Downloads\Po\PoPunkouterSoftware\PoPunkouterSoftware.Client\Components\Pages\DetailsPage.razor(540,57): error CS1503: Argument 1: cannot convert from 'int' to 'string' [C:\Users\punko\Downloads\Po\PoPunkouterSoftware\PoPunkouterSoftware.Client\PoPunkouterSoftware.Client.csproj]
C:\Users\punko\Downloads\Po\PoPunkouterSoftware\PoPunkouterSoftware.Client\Components\Pages\DetailsPage.razor(611,57): error CS1503: Argument 1: cannot convert from 'int' to 'string' [C:\Users\punko\Downloads\Po\PoPunkouterSoftware\PoPunkouterSoftware.Client\PoPunkouterSoftware.Client.csproj]

Build FAILED.

C:\Users\punko\Downloads\Po\PoPunkouterSoftware\PoPunkouterSoftware.Client\Components\Pages\DetailsPage.razor(91,29): error RZ9996: Unrecognized child content inside component 'RadzenLineSeries'. The component 'RadzenLineSeries' accepts child content through the following top-level items: 'ChildContent', 'TooltipTemplate'. [C:\Users\punko\Downloads\Po\PoPunkouterSoftware\PoPunkouterSoftware.Client\PoPunkouterSoftware.Client.csproj]
C:\Users\punko\Downloads\Po\PoPunkouterSoftware\PoPunkouterSoftware.Client\Components\Pages\DetailsPage.razor(254,39): error RZ9986: Component attributes do not support complex content (mixed C# and markup). Attribute: 'Text', text: '≡ƒîÉ Services (TotalCount)' [C:\Users\punko\Downloads\Po\PoPunkouterSoftware\PoPunkouterSoftware.Client\PoPunkouterSoftware.Client.csproj]
C:\Users\punko\Downloads\Po\PoPunkouterSoftware\PoPunkouterSoftware.Client\Components\Pages\DetailsPage.razor(324,43): error RZ9986: Component attributes do not support complex content (mixed C# and markup). Attribute: 'Text', text: '≡ƒöÆ SSL (_report.SslExpiry.Count)' [C:\Users\punko\Downloads\Po\PoPunkouterSoftware\PoPunkouterSoftware.Client\PoPunkouterSoftware.Client.csproj]
C:\Users\punko\Downloads\Po\PoPunkouterSoftware\PoPunkouterSoftware.Client\Components\Pages\DetailsPage.razor(356,43): error RZ9986: Component attributes do not support complex content (mixed C# and markup). Attribute: 'Text', text: 'ΓÜÖ∩╕Å Config Drift (_report.ConfigDrift.Count)' [C:\Users\punko\Downloads\Po\PoPunkouterSoftware\PoPunkouterSoftware.Client\PoPunkouterSoftware.Client.csproj]
C:\Users\punko\Downloads\Po\PoPunkouterSoftware\PoPunkouterSoftware.Client\Components\Pages\DetailsPage.razor(390,43): error RZ9986: Component attributes do not support complex content (mixed C# and markup). Attribute: 'Text', text: '≡ƒùä∩╕Å Storage (_report.StorageInventory.Count)' [C:\Users\punko\Downloads\Po\PoPunkouterSoftware\PoPunkouterSoftware.Client\PoPunkouterSoftware.Client.csproj]
C:\Users\punko\Downloads\Po\PoPunkouterSoftware\PoPunkouterSoftware.Client\Components\Pages\DetailsPage.razor(431,43): error RZ9986: Component attributes do not support complex content (mixed C# and markup). Attribute: 'Text', text: '≡ƒùæ∩╕Å Orphaned (_report.OrphanedResources.Count)' [C:\Users\punko\Downloads\Po\PoPunkouterSoftware\PoPunkouterSoftware.Client\PoPunkouterSoftware.Client.csproj]
C:\Users\punko\Downloads\Po\PoPunkouterSoftware\PoPunkouterSoftware.Client\Components\Pages\DetailsPage.razor(458,43): error RZ9986: Component attributes do not support complex content (mixed C# and markup). Attribute: 'Text', text: '≡ƒôè App Insights (_report.AppInsightsMetrics.Count)' [C:\Users\punko\Downloads\Po\PoPunkouterSoftware\PoPunkouterSoftware.Client\PoPunkouterSoftware.Client.csproj]
C:\Users\punko\Downloads\Po\PoPunkouterSoftware\PoPunkouterSoftware.Client\Components\Pages\DetailsPage.razor(491,43): error RZ9986: Component attributes do not support complex content (mixed C# and markup). Attribute: 'Text', text: '≡ƒôª All Resources (allRes.Total)' [C:\Users\punko\Downloads\Po\PoPunkouterSoftware\PoPunkouterSoftware.Client\PoPunkouterSoftware.Client.csproj]
C:\Users\punko\Downloads\Po\PoPunkouterSoftware\PoPunkouterSoftware.Client\Components\Pages\DetailsPage.razor(540,43): error RZ9986: Component attributes do not support complex content (mixed C# and markup). Attribute: 'Text', text: '≡ƒºƒ Zombies (_report.ZombieApps.Count)' [C:\Users\punko\Downloads\Po\PoPunkouterSoftware\PoPunkouterSoftware.Client\PoPunkouterSoftware.Client.csproj]
C:\Users\punko\Downloads\Po\PoPunkouterSoftware\PoPunkouterSoftware.Client\Components\Pages\DetailsPage.razor(611,43): error RZ9986: Component attributes do not support complex content (mixed C# and markup). Attribute: 'Text', text: 'ΓÅ▒∩╕Å Timings (_report.StepTimings.Count)' [C:\Users\punko\Downloads\Po\PoPunkouterSoftware\PoPunkouterSoftware.Client\PoPunkouterSoftware.Client.csproj]
C:\Users\punko\Downloads\Po\PoPunkouterSoftware\PoPunkouterSoftware.Client\Components\Pages\DetailsPage.razor(254,53): error CS1503: Argument 1: cannot convert from 'int' to 'string' [C:\Users\punko\Downloads\Po\PoPunkouterSoftware\PoPunkouterSoftware.Client\PoPunkouterSoftware.Client.csproj]
C:\Users\punko\Downloads\Po\PoPunkouterSoftware\PoPunkouterSoftware.Client\Components\Pages\DetailsPage.razor(324,53): error CS1503: Argument 1: cannot convert from 'int' to 'string' [C:\Users\punko\Downloads\Po\PoPunkouterSoftware\PoPunkouterSoftware.Client\PoPunkouterSoftware.Client.csproj]
C:\Users\punko\Downloads\Po\PoPunkouterSoftware\PoPunkouterSoftware.Client\Components\Pages\DetailsPage.razor(356,62): error CS1503: Argument 1: cannot convert from 'int' to 'string' [C:\Users\punko\Downloads\Po\PoPunkouterSoftware\PoPunkouterSoftware.Client\PoPunkouterSoftware.Client.csproj]
C:\Users\punko\Downloads\Po\PoPunkouterSoftware\PoPunkouterSoftware.Client\Components\Pages\DetailsPage.razor(390,58): error CS1503: Argument 1: cannot convert from 'int' to 'string' [C:\Users\punko\Downloads\Po\PoPunkouterSoftware\PoPunkouterSoftware.Client\PoPunkouterSoftware.Client.csproj]
C:\Users\punko\Downloads\Po\PoPunkouterSoftware\PoPunkouterSoftware.Client\Components\Pages\DetailsPage.razor(431,59): error CS1503: Argument 1: cannot convert from 'int' to 'string' [C:\Users\punko\Downloads\Po\PoPunkouterSoftware\PoPunkouterSoftware.Client\PoPunkouterSoftware.Client.csproj]
C:\Users\punko\Downloads\Po\PoPunkouterSoftware\PoPunkouterSoftware.Client\Components\Pages\DetailsPage.razor(458,62): error CS1503: Argument 1: cannot convert from 'int' to 'string' [C:\Users\punko\Downloads\Po\PoPunkouterSoftware\PoPunkouterSoftware.Client\PoPunkouterSoftware.Client.csproj]
C:\Users\punko\Downloads\Po\PoPunkouterSoftware\PoPunkouterSoftware.Client\Components\Pages\DetailsPage.razor(491,62): error CS1503: Argument 1: cannot convert from 'int' to 'string' [C:\Users\punko\Downloads\Po\PoPunkouterSoftware\PoPunkouterSoftware.Client\PoPunkouterSoftware.Client.csproj]
C:\Users\punko\Downloads\Po\PoPunkouterSoftware\PoPunkouterSoftware.Client\Components\Pages\DetailsPage.razor(540,57): error CS1503: Argument 1: cannot convert from 'int' to 'string' [C:\Users\punko\Downloads\Po\PoPunkouterSoftware\PoPunkouterSoftware.Client\PoPunkouterSoftware.Client.csproj]
C:\Users\punko\Downloads\Po\PoPunkouterSoftware\PoPunkouterSoftware.Client\Components\Pages\DetailsPage.razor(611,57): error CS1503: Argument 1: cannot convert from 'int' to 'string' [C:\Users\punko\Downloads\Po\PoPunkouterSoftware\PoPunkouterSoftware.Client\PoPunkouterSoftware.Client.csproj]
    0 Warning(s)
    19 Error(s)

Time Elapsed 00:00:02.65
